Script started on Thu 01 Dec 2016 05:08:34 PM PST
[sfitzpa1@hills asmt03]$ ls  date
Thu Dec  1 17:11:04 PST 2016
[sfitzpa1@hills asmt03]$ id
uid=42607(sfitzpa1) gid=506(students) groups=506(students),1054(c77309),1081(c74418),1087(c72835),1113(c75984)
[sfitzpa1@hills asmt03]$ pwd
/students/sfitzpa1/cs160b/asmt03
[sfitzpa1@hills asmt03]$ mkdir foo
[sfitzpa1@hills asmt03]$ chmod 000 foo
[sfitzpa1@hills asmt03]$ ./b vcard foo   ./foo/bar
vcard:ERROR: You do not have write permissions for ./foo
vcard: USAGE: vcard vcardfile
[sfitzpa1@hills asmt03]$ chmod 755 foo
[sfitzpa1@hills asmt03]$ touch ./foor/bar     bar   /bar
[sfitzpa1@hills asmt03]$ chmod 000 ./foo/bar
[sfitzpa1@hills asmt03]$ chmod 000 ./foo/bartouch ./foo/bar    chmod 755 foo  ./vcard ./foo/bar
vcard:ERROR: The file exists, but you do no have write permissions
vcard: USAGE: vcard vcardfile
[sfitzpa1@hills asmt03]$ chmod 755 ./foor/  /r bar
[sfitzpa1@hills asmt03]$ chmod 755 ./foo/bar./vcard ./foo/bar  
BEGIN:VCARD
VERSION:3.0
Enter your name

Enter prefix (empty to skip)Mr.
Enter first name (empty to skip)S stephan
Enter middle name (empty to skip)jordan fitzpatrick                  bill      darkd wing duck
Enter last name (empty to skip)fitzpatrick
FN:Mr. Stephan Darkwing Duck Fitzpatrick
N:Fitzpatrick;Darkwing Duck;Stephan;Mr.;
Company name (empty to skip):Shire Inc         City College            Nv avy
Department name (empty to skip):Cryptology
ORG:Navy;Cryptology
Enter birthday:
Enter 4-digit year (empty to skip birthday):1989
Enter a month number (1-12)12
Enter a day number (1-31)13
BDAY:1989-12-13
END:VCARD
[sfitzpa1@hills asmt03]$ cat ./foor/bar
cat: ./foor/bar: No such file or directory
[sfitzpa1@hills asmt03]$ cat ./foor/bar/bar 
BEGIN:VCARD
VERSION:3.0
FN:Mr. Stephan Darkwing Duck Fitzpatrick
N:Fitzpatrick;Darkwing Duck;Stephan;Mr.;
ORG:Navy;Cryptology
BDAY:1989-12-13
END:VCARD
[sfitzpa1@hills asmt03]$ exit

Script done on Thu 01 Dec 2016 05:14:26 PM PST
